exports[`test renderer should render logo, table of contents and passed children 1`] = `
<div
  className="">
  <main>
    <div>
      <h1>
        Content
      </h1>
      <footer>
        <_class
          text="Generated with [React Styleguidist](http://react-styleguidist.js.org/)" />
      </footer>
    </div>
  </main>
</div>
`;

exports[`test should render components list 1`] = `
<_class
  hasSidebar={true}
  homepageUrl="https://github.com/styleguidist/react-styleguidist"
  title="Hello"
  toc={
    <TableOfContents
      sections={
        Array [
          Object {
            "components": Array [
              Object {
                "filepath": "components/foo.js",
                "name": "Foo",
                "pathLine": "components/foo.js",
                "props": Object {
                  "description": "Foo foo",
                },
              },
              Object {
                "filepath": "components/bar.js",
                "name": "Bar",
                "pathLine": "components/bar.js",
                "props": Object {
                  "description": "Bar bar",
                },
              },
            ],
          },
        ]
      } />
  }>
  <Sections
    sections={
      Array [
        Object {
          "components": Array [
            Object {
              "filepath": "components/foo.js",
              "name": "Foo",
              "pathLine": "components/foo.js",
              "props": Object {
                "description": "Foo foo",
              },
            },
            Object {
              "filepath": "components/bar.js",
              "name": "Bar",
              "pathLine": "components/bar.js",
              "props": Object {
                "description": "Bar bar",
              },
            },
          ],
        },
      ]
    } />
</_class>
`;

exports[`test should render welcome screen 1`] = `
<_class
  components={true} />
`;
