exports[`test should return only components with example file 1`] = `
Array [
  Object {
    "examples": "require()",
    "filepath": "components/Button/Button.js",
  },
  Object {
    "examples": "require()",
    "filepath": "components/Modal/Modal.js",
  },
]
`;
